Zilog eZ80 Macro Assembler Version 4.3 (19073001) RELISTED25-Oct-23     18:17:58     page:   1


PC     Object              I  Line    Source 
                           A     1    ; Zilog eZ80 ANSI C Compiler Release 3.4
                           A     2    ; -nomodsect -optsize -noreduceopt -nopadbranch
                           A     3    ; -peephole -globalopt -localcse -const=ROM 
                           A     4    	FILE	"..\agontimer.c"
                           A     5    	.assume ADL=1
                           A     6    .DEBUG "C"
                           A     7    	SEGMENT CODE
                           A     8    ;    1	/*
                           A     9    ;    2	 * Title:			AGON timer interfac
                           A    10    ;    3	 * Author:			Jeroen Venema
                           A    11    ;    4	 * Created:			06/11/2022
                           A    12    ;    5	 * Last Updated:	22/01/2023
                           A    13    ;    6	 * 
                           A    14    ;    7	 * Modinfo:
                           A    15    ;    8	 * 06/11/2022:		Initial version
                           A    16    ;    9	 * 22/01/2023:		Interrupt-based fre
                           A    17    ;   10	 * 10/04/2023:		Using mos_setintvec
                           A    18    ;   11	 */
                           A    19    ;   12	
                           A    20    ;   13	#include <defines.h>
                           A    21    ;   14	#include <ez80.h>
                           A    22    ;   15	#include "agontimer.h"
                           A    23    ;   16	#define TMR0_COUNTER_1ms	(unsigned s
                           A    24    ;   17	
                           A    25    ;   18	
                           A    26    ;   19	// delay for number of ms using TMR0
                           A    27    ;   20	// this routine doesn't use the interru
                           A    28    ;   21	void delayms(int ms)
                           A    29    ;   22	{
044087                     A    30    _delayms:
                           A    31    .DEFINE "_delayms"
                           A    32    
                           A    33    .VALUE _delayms
                           A    34    
                           A    35    .CLASS 2
                           A    36    
                           A    37    .TYPE 65
                           A    38    
                           A    39    .ENDEF
                           A    40    
                           A    41    .BEGFUNC "delayms",22,"_delayms"
                           A    42    
                           A    43    .LINE 22
                           A    44    
                           A    45    .DEFINE "ms"
                           A    46    
                           A    47    .CLASS 65
                           A    48    
                           A    49    .VALUE 6
                           A    50    
                           A    51    .TYPE 4
                           A    52    
                           A    53    .ENDEF
                           A    54    
                           A    55    .DEFINE "timer0"
                           A    56    
                           A    57    .CLASS 65
                           A    58    
                           A    59    .VALUE -2
                           A    60    
                           A    61    .TYPE 13
                           A    62    
                           A    63    .ENDEF
                           A    64    
044087 DDE5                A    65    	PUSH	IX
044089 DD210000 00         A    66    	LD	IX,0
04408E DD39                A    67    	ADD	IX,SP
044090 3B                  A    68    	DEC	SP
044091 3B                  A    69    	DEC	SP
                           A    70    ;   23		unsigned short rr;
                           A    71    ;   24		UINT16 timer0;
                           A    72    ;   25	
                           A    73    ;   26		rr = TMR0_COUNTER_1ms - 19;	// 1,7%
                           A    74    ;   27		
                           A    75    ;   28		TMR0_CTL = 0x00;	// disable time
                           A    76    .LINE 28
                           A    77    
044092 AF                  A    78    	XOR	A,A
044093 ED3980              A    79    	OUT0	(128),A
                           A    80    ;   29		
                           A    81    ;   30		while(ms)
                           A    82    .LINE 30
                           A    83    
044096 18 43               A    84    	JR	L_4
044098                     A    85    L_5:
                           A    86    ;   31		{	
                           A    87    ;   32			TMR0_RR_H = (unsigned char)(rr 
                           A    88    .LINE 32
                           A    89    
044098 3E04                A    90    	LD	A,%4
04409A ED3982              A    91    	OUT0	(130),A
                           A    92    ;   33			TMR0_RR_L = (unsigned char)(rr)
                           A    93    .LINE 33
                           A    94    
04409D 3E6D                A    95    	LD	A,%6D
04409F ED3981              A    96    	OUT0	(129),A
                           A    97    ;   34					
                           A    98    ;   35			TMR0_CTL = 0x87; // enable, sin
                           A    99    .LINE 35
                           A   100    
0440A2 3E87                A   101    	LD	A,%87
0440A4 ED3980              A   102    	OUT0	(128),A
                           A   103    ;   36			do
0440A7                     A   104    L_0:
                           A   105    .LINE 36
                           A   106    
                           A   107    ;   37			{
                           A   108    ;   38				timer0 = TMR0_DR_L;
                           A   109    .LINE 38
                           A   110    
0440A7 ED3881              A   111    	IN0	A,(129)
0440AA 4F                  A   112    	LD	C,A
0440AB 0600                A   113    	LD	B,%0
0440AD C5E1                A   114    	LD	HL,BC
0440AF DD75FE              A   115    	LD	(IX+%FFFFFFFE),L
0440B2 DD74FF              A   116    	LD	(IX+%FFFFFFFF),H
                           A   117    ;   39				timer0 = timer0 | (TMR0_DR_
                           A   118    .LINE 39
                           A   119    
0440B5 ED3882              A   120    	IN0	A,(130)
0440B8 4F                  A   121    	LD	C,A
0440B9 C5E1                A   122    	LD	HL,BC
0440BB 65                  A   123    	LD	H,L
0440BC 2E00                A   124    	LD	L,%0
0440BE DD07FE              A   125    	LD	BC,(IX+%FFFFFFFE)
0440C1 CD 23 46 04         A   126    	CALL	__sor
0440C5 DD75FE              A   127    	LD	(IX+%FFFFFFFE),L
0440C8 DD74FF              A   128    	LD	(IX+%FFFFFFFF),H
                           A   129    ;   40			}
                           A   130    ;   41			while(timer0);
                           A   131    .LINE 41
                           A   132    
0440CB DD27FE              A   133    	LD	HL,(IX+%FFFFFFFE)
0440CE CD B9 45 04         A   134    	CALL	__scmpzero
0440D2 20 D3               A   135    	JR	NZ,L_0
                           A   136    ;   42			ms--;
                           A   137    .LINE 42
                           A   138    
0440D4 DD0706              A   139    	LD	BC,(IX+%6)
0440D7 0B                  A   140    	DEC	BC
0440D8 DD0F06              A   141    	LD	(IX+%6),BC
                           A   142    ;   43		}
0440DB                     A   143    L_4:
                           A   144    .LINE 43
                           A   145    
0440DB DD2706              A   146    	LD	HL,(IX+%6)
0440DE CD C6 44 04         A   147    	CALL	__icmpzero
0440E2 20 B4               A   148    	JR	NZ,L_5
                           A   149    .LINE 44
                           A   150    
0440E4 DDF9                A   151    	LD	SP,IX
0440E6 DDE1                A   152    	POP	IX
0440E8 C9                  A   153    	RET	
                           A   154    
                           A   155    
                           A   156    ;**************************** _delayms ********
                           A   157    ;Name                         Addr/Register   S
                           A   158    ;timer0                                IX-2    
                           A   159    ;ms                                    IX+6    
                           A   160    
                           A   161    
                           A   162    ; Stack Frame Size: 11 (bytes)
                           A   163    ;       Spill Code: 0 (instruction)
                           A   164    
                           A   165    
                           A   166    .ENDFUNC "delayms",44,"_delayms"
                           A   167    	XREF __sor:ROM
                           A   168    	XREF __scmpzero:ROM
                           A   169    	XREF __icmpzero:ROM
                           A   170    	XDEF _delayms
                           A   171    	END


Errors: 0
Warnings: 0
Lines Assembled: 172
